// Jest Snapshot v1, https://goo.gl/fbAQLP

exports[`renders correctly 1`] = `
<div
  className="icon icon-spin text-center 60 blue"
/>
`;
